'Finished building: ../src/filehandler.c'
' '
'Building file: ../src/kdtree.c'
'Invoking: ARM v7 gcc compiler'
arm-none-eabi-gcc -Wall -O0 -g3 -c -fmessage-length=0 -MT"src/kdtree.o" -mcpu=cortex-a9 -mfpu=vfpv3 -mfloat-abi=hard -I../../standalone_bsp_0/ps7_cortexa9_0/include -MMD -MP -MF"src/kdtree.d" -MT"src/kdtree.o" -o "src/kdtree.o" "../src/kdtree.c"
'Finished building: ../src/kdtree.c'
' '
'Building file: ../src/light.c'
'Invoking: ARM v7 gcc compiler'
arm-none-eabi-gcc -Wall -O0 -g3 -c -fmessage-length=0 -MT"src/light.o" -mcpu=cortex-a9 -mfpu=vfpv3 -mfloat-abi=hard -I../../standalone_bsp_0/ps7_cortexa9_0/include -MMD -MP -MF"src/light.d" -MT"src/light.o" -o "src/light.o" "../src/light.c"
'Finished building: ../src/light.c'
' '
'Building file: ../src/lightRay.c'
'Invoking: ARM v7 gcc compiler'
arm-none-eabi-gcc -Wall -O0 -g3 -c -fmessage-length=0 -MT"src/lightRay.o" -mcpu=cortex-a9 -mfpu=vfpv3 -mfloat-abi=hard -I../../standalone_bsp_0/ps7_cortexa9_0/include -MMD -MP -MF"src/lightRay.d" -MT"src/lightRay.o" -o "src/lightRay.o" "../src/lightRay.c"
'Finished building: ../src/lightRay.c'
' '
'Building file: ../src/list.c'
'Invoking: ARM v7 gcc compiler'
arm-none-eabi-gcc -Wall -O0 -g3 -c -fmessage-length=0 -MT"src/list.o" -mcpu=cortex-a9 -mfpu=vfpv3 -mfloat-abi=hard -I../../standalone_bsp_0/ps7_cortexa9_0/include -MMD -MP -MF"src/list.d" -MT"src/list.o" -o "src/list.o" "../src/list.c"
../src/list.c: In function 'list_delete_name':
../src/list.c:144:6: warning: variable 'item_name' set but not used [-Wunused-but-set-variable]
  int item_name;
      ^~~~~~~~~
'Finished building: ../src/list.c'
' '
'Building file: ../src/lodepng.c'
'Invoking: ARM v7 gcc compiler'
arm-none-eabi-gcc -Wall -O0 -g3 -c -fmessage-length=0 -MT"src/lodepng.o" -mcpu=cortex-a9 -mfpu=vfpv3 -mfloat-abi=hard -I../../standalone_bsp_0/ps7_cortexa9_0/include -MMD -MP -MF"src/lodepng.d" -MT"src/lodepng.o" -o "src/lodepng.o" "../src/lodepng.c"
'Finished building: ../src/lodepng.c'
' '
'Building file: ../src/main.c'
'Invoking: ARM v7 gcc compiler'
arm-none-eabi-gcc -Wall -O0 -g3 -c -fmessage-length=0 -MT"src/main.o" -mcpu=cortex-a9 -mfpu=vfpv3 -mfloat-abi=hard -I../../standalone_bsp_0/ps7_cortexa9_0/include -MMD -MP -MF"src/main.d" -MT"src/main.o" -o "src/main.o" "../src/main.c"
'Finished building: ../src/main.c'
' '
'Building file: ../src/material.c'
'Invoking: ARM v7 gcc compiler'
arm-none-eabi-gcc -Wall -O0 -g3 -c -fmessage-length=0 -MT"src/material.o" -mcpu=cortex-a9 -mfpu=vfpv3 -mfloat-abi=hard -I../../standalone_bsp_0/ps7_cortexa9_0/include -MMD -MP -MF"src/material.d" -MT"src/material.o" -o "src/material.o" "../src/material.c"
'Finished building: ../src/material.c'
' '
'Building file: ../src/obj.c'
'Invoking: ARM v7 gcc compiler'
arm-none-eabi-gcc -Wall -O0 -g3 -c -fmessage-length=0 -MT"src/obj.o" -mcpu=cortex-a9 -mfpu=vfpv3 -mfloat-abi=hard -I../../standalone_bsp_0/ps7_cortexa9_0/include -MMD -MP -MF"src/obj.d" -MT"src/obj.o" -o "src/obj.o" "../src/obj.c"
'Finished building: ../src/obj.c'
' '
'Building file: ../src/obj_parser.c'
'Invoking: ARM v7 gcc compiler'
arm-none-eabi-gcc -Wall -O0 -g3 -c -fmessage-length=0 -MT"src/obj_parser.o" -mcpu=cortex-a9 -mfpu=vfpv3 -mfloat-abi=hard -I../../standalone_bsp_0/ps7_cortexa9_0/include -MMD -MP -MF"src/obj_parser.d" -MT"src/obj_parser.o" -o "src/obj_parser.o" "../src/obj_parser.c"
'Finished building: ../src/obj_parser.c'
' '
'Building file: ../src/poly.c'
'Invoking: ARM v7 gcc compiler'
arm-none-eabi-gcc -Wall -O0 -g3 -c -fmessage-length=0 -MT"src/poly.o" -mcpu=cortex-a9 -mfpu=vfpv3 -mfloat-abi=hard -I../../standalone_bsp_0/ps7_cortexa9_0/include -MMD -MP -MF"src/poly.d" -MT"src/poly.o" -o "src/poly.o" "../src/poly.c"
'Finished building: ../src/poly.c'
' '
'Building file: ../src/raytrace.c'
'Invoking: ARM v7 gcc compiler'
arm-none-eabi-gcc -Wall -O0 -g3 -c -fmessage-length=0 -MT"src/raytrace.o" -mcpu=cortex-a9 -mfpu=vfpv3 -mfloat-abi=hard -I../../standalone_bsp_0/ps7_cortexa9_0/include -MMD -MP -MF"src/raytrace.d" -MT"src/raytrace.o" -o "src/raytrace.o" "../src/raytrace.c"
../src/raytrace.c: In function 'getHighlights':
../src/raytrace.c:336:76: warning: passing argument 2 of 'colorCoef' discards 'const' qualifier from pointer target type [-Wdiscarded-qualifiers]
    struct color specTmp = colorCoef(specVal*(currentLight.power/distance), &isect->end.specular);
                                                                            ^
In file included from ../src/includes.h:60:0,
                 from ../src/raytrace.c:9:
../src/color.h:72:14: note: expected 'struct color *' but argument is of type 'const struct color *'
 struct color colorCoef(double coef, struct color *c);
              ^~~~~~~~~
../src/raytrace.c: In function 'getLighting':
../src/raytrace.c:450:53: warning: passing argument 3 of 'getSurfaceProperties' discards 'const' qualifier from pointer target type [-Wdiscarded-qualifiers]
   getSurfaceProperties(isect->polyIndex, isect->uv, &isect->surfaceNormal, &textureCoord);
                                                     ^
../src/raytrace.c:87:6: note: expected 'struct vector *' but argument is of type 'const struct vector *'
 void getSurfaceProperties(int polyIndex,
      ^~~~~~~~~~~~~~~~~~~~
'Finished building: ../src/raytrace.c'
' '
'Building file: ../src/renderer.c'
'Invoking: ARM v7 gcc compiler'
arm-none-eabi-gcc -Wall -O0 -g3 -c -fmessage-length=0 -MT"src/renderer.o" -mcpu=cortex-a9 -mfpu=vfpv3 -mfloat-abi=hard -I../../standalone_bsp_0/ps7_cortexa9_0/include -MMD -MP -MF"src/renderer.d" -MT"src/renderer.o" -o "src/renderer.o" "../src/renderer.c"
../src/renderer.c: In function 'computeTimeAverage':
../src/renderer.c:274:30: warning: implicit declaration of function 'difftime' [-Wimplicit-function-declaration]
  mainRenderer.avgTileTime += difftime(tile.stop, tile.start);
                              ^~~~~~~~
'Finished building: ../src/renderer.c'
' '
'Building file: ../src/scene.c'
'Invoking: ARM v7 gcc compiler'
arm-none-eabi-gcc -Wall -O0 -g3 -c -fmessage-length=0 -MT"src/scene.o" -mcpu=cortex-a9 -mfpu=vfpv3 -mfloat-abi=hard -I../../standalone_bsp_0/ps7_cortexa9_0/include -MMD -MP -MF"src/scene.d" -MT"src/scene.o" -o "src/scene.o" "../src/scene.c"
'Finished building: ../src/scene.c'
' '
'Building file: ../src/sphere.c'
'Invoking: ARM v7 gcc compiler'
arm-none-eabi-gcc -Wall -O0 -g3 -c -fmessage-length=0 -MT"src/sphere.o" -mcpu=cortex-a9 -mfpu=vfpv3 -mfloat-abi=hard -I../../standalone_bsp_0/ps7_cortexa9_0/include -MMD -MP -MF"src/sphere.d" -MT"src/sphere.o" -o "src/sphere.o" "../src/sphere.c"
'Finished building: ../src/sphere.c'
' '
'Building file: ../src/string_extra.c'
'Invoking: ARM v7 gcc compiler'
arm-none-eabi-gcc -Wall -O0 -g3 -c -fmessage-length=0 -MT"src/string_extra.o" -mcpu=cortex-a9 -mfpu=vfpv3 -mfloat-abi=hard -I../../standalone_bsp_0/ps7_cortexa9_0/include -MMD -MP -MF"src/string_extra.d" -MT"src/string_extra.o" -o "src/string_extra.o" "../src/string_extra.c"
'Finished building: ../src/string_extra.c'
' '
'Building file: ../src/transforms.c'
'Invoking: ARM v7 gcc compiler'
arm-none-eabi-gcc -Wall -O0 -g3 -c -fmessage-length=0 -MT"src/transforms.o" -mcpu=cortex-a9 -mfpu=vfpv3 -mfloat-abi=hard -I../../standalone_bsp_0/ps7_cortexa9_0/include -MMD -MP -MF"src/transforms.d" -MT"src/transforms.o" -o "src/transforms.o" "../src/transforms.c"
'Finished building: ../src/transforms.c'
' '
'Building file: ../src/ui.c'
'Invoking: ARM v7 gcc compiler'
arm-none-eabi-gcc -Wall -O0 -g3 -c -fmessage-length=0 -MT"src/ui.o" -mcpu=cortex-a9 -mfpu=vfpv3 -mfloat-abi=hard -I../../standalone_bsp_0/ps7_cortexa9_0/include -MMD -MP -MF"src/ui.d" -MT"src/ui.o" -o "src/ui.o" "../src/ui.c"
'Finished building: ../src/ui.c'
' '
'Building file: ../src/vector.c'
'Invoking: ARM v7 gcc compiler'
arm-none-eabi-gcc -Wall -O0 -g3 -c -fmessage-length=0 -MT"src/vector.o" -mcpu=cortex-a9 -mfpu=vfpv3 -mfloat-abi=hard -I../../standalone_bsp_0/ps7_cortexa9_0/include -MMD -MP -MF"src/vector.d" -MT"src/vector.o" -o "src/vector.o" "../src/vector.c"
'Finished building: ../src/vector.c'
' '
'Building target: Raytracer.elf'
'Invoking: ARM v7 gcc linker'
arm-none-eabi-gcc -mcpu=cortex-a9 -mfpu=vfpv3 -mfloat-abi=hard -Wl,-build-id=none -specs=Xilinx.spec -Wl,-T -Wl,../src/lscript.ld -L../../standalone_bsp_0/ps7_cortexa9_0/lib -o "Raytracer.elf"  ./src/bbox.o ./src/camera.o ./src/color.o ./src/converter.o ./src/errorhandler.o ./src/filehandler.o ./src/kdtree.o ./src/light.o ./src/lightRay.o ./src/list.o ./src/lodepng.o ./src/main.o ./src/material.o ./src/obj.o ./src/obj_parser.o ./src/poly.o ./src/raytrace.o ./src/renderer.o ./src/scene.o ./src/sphere.o ./src/string_extra.o ./src/transforms.o ./src/ui.o ./src/vector.o   -lm -Wl,--start-group,-lxil,-lgcc,-lc,--end-group
'Finished building target: Raytracer.elf'
' '
'Invoking: ARM v7 Print Size'
arm-none-eabi-size Raytracer.elf  |tee "Raytracer.elf.size"
   text	   data	    bss	    dec	    hex	filename
 264424	   3776	  23488	 291688	  47368	Raytracer.elf
'Finished building: Raytracer.elf.size'
' '
10:25:36 **** Incremental Build of configuration Debug for project Raytracer ****
make pre-build main-build 
a9-linaro-pre-build-step
' '
make: Nothing to be done for `main-build'.
