23:15:15 **** Build of configuration Debug for project HDMI_Raytrace_NOIP ****
make pre-build main-build 
a9-linaro-pre-build-step
 
Building file: ../src/video_capture/video_capture.c
Invoking: ARM v7 gcc compiler
arm-none-eabi-gcc -Wall -O0 -g3 -c -fmessage-length=0 -MT"src/video_capture/video_capture.o" -mcpu=cortex-a9 -mfpu=vfpv3 -mfloat-abi=hard -I../../standalone_bsp_0/ps7_cortexa9_0/include -MMD -MP -MF"src/video_capture/video_capture.d" -MT"src/video_capture/video_capture.o" -o "src/video_capture/video_capture.o" "../src/video_capture/video_capture.c"
Finished building: ../src/video_capture/video_capture.c
 
Building file: ../src/timer_ps/timer_ps.c
Invoking: ARM v7 gcc compiler
arm-none-eabi-gcc -Wall -O0 -g3 -c -fmessage-length=0 -MT"src/timer_ps/timer_ps.o" -mcpu=cortex-a9 -mfpu=vfpv3 -mfloat-abi=hard -I../../standalone_bsp_0/ps7_cortexa9_0/include -MMD -MP -MF"src/timer_ps/timer_ps.d" -MT"src/timer_ps/timer_ps.o" -o "src/timer_ps/timer_ps.o" "../src/timer_ps/timer_ps.c"
Finished building: ../src/timer_ps/timer_ps.c
 
Building file: ../src/intc/intc.c
Invoking: ARM v7 gcc compiler
arm-none-eabi-gcc -Wall -O0 -g3 -c -fmessage-length=0 -MT"src/intc/intc.o" -mcpu=cortex-a9 -mfpu=vfpv3 -mfloat-abi=hard -I../../standalone_bsp_0/ps7_cortexa9_0/include -MMD -MP -MF"src/intc/intc.d" -MT"src/intc/intc.o" -o "src/intc/intc.o" "../src/intc/intc.c"
Finished building: ../src/intc/intc.c
 
Building file: ../src/dynclk/dynclk.c
Invoking: ARM v7 gcc compiler
arm-none-eabi-gcc -Wall -O0 -g3 -c -fmessage-length=0 -MT"src/dynclk/dynclk.o" -mcpu=cortex-a9 -mfpu=vfpv3 -mfloat-abi=hard -I../../standalone_bsp_0/ps7_cortexa9_0/include -MMD -MP -MF"src/dynclk/dynclk.d" -MT"src/dynclk/dynclk.o" -o "src/dynclk/dynclk.o" "../src/dynclk/dynclk.c"
Finished building: ../src/dynclk/dynclk.c
 
Building file: ../src/display_ctrl/display_ctrl.c
Invoking: ARM v7 gcc compiler
arm-none-eabi-gcc -Wall -O0 -g3 -c -fmessage-length=0 -MT"src/display_ctrl/display_ctrl.o" -mcpu=cortex-a9 -mfpu=vfpv3 -mfloat-abi=hard -I../../standalone_bsp_0/ps7_cortexa9_0/include -MMD -MP -MF"src/display_ctrl/display_ctrl.d" -MT"src/display_ctrl/display_ctrl.o" -o "src/display_ctrl/display_ctrl.o" "../src/display_ctrl/display_ctrl.c"
Finished building: ../src/display_ctrl/display_ctrl.c
 
Building file: ../src/main.c
Invoking: ARM v7 gcc compiler
arm-none-eabi-gcc -Wall -O0 -g3 -c -fmessage-length=0 -MT"src/main.o" -mcpu=cortex-a9 -mfpu=vfpv3 -mfloat-abi=hard -I../../standalone_bsp_0/ps7_cortexa9_0/include -MMD -MP -MF"src/main.d" -MT"src/main.o" -o "src/main.o" "../src/main.c"
Finished building: ../src/main.c
 
Building file: ../src/platform.c
Invoking: ARM v7 gcc compiler
arm-none-eabi-gcc -Wall -O0 -g3 -c -fmessage-length=0 -MT"src/platform.o" -mcpu=cortex-a9 -mfpu=vfpv3 -mfloat-abi=hard -I../../standalone_bsp_0/ps7_cortexa9_0/include -MMD -MP -MF"src/platform.d" -MT"src/platform.o" -o "src/platform.o" "../src/platform.c"
Finished building: ../src/platform.c
 
Building file: ../src/renderer.c
Invoking: ARM v7 gcc compiler
arm-none-eabi-gcc -Wall -O0 -g3 -c -fmessage-length=0 -MT"src/renderer.o" -mcpu=cortex-a9 -mfpu=vfpv3 -mfloat-abi=hard -I../../standalone_bsp_0/ps7_cortexa9_0/include -MMD -MP -MF"src/renderer.d" -MT"src/renderer.o" -o "src/renderer.o" "../src/renderer.c"
Finished building: ../src/renderer.c
 
Building target: HDMI_Raytrace_NOIP.elf
Invoking: ARM v7 gcc linker
arm-none-eabi-gcc -mcpu=cortex-a9 -mfpu=vfpv3 -mfloat-abi=hard -Wl,-build-id=none -specs=Xilinx.spec -Wl,-T -Wl,../src/lscript.ld -L../../standalone_bsp_0/ps7_cortexa9_0/lib -o "HDMI_Raytrace_NOIP.elf"  ./src/video_capture/video_capture.o  ./src/timer_ps/timer_ps.o  ./src/intc/intc.o  ./src/dynclk/dynclk.o  ./src/display_ctrl/display_ctrl.o  ./src/camera.o ./src/color.o ./src/converter.o ./src/errorhandler.o ./src/filehandler.o ./src/light.o ./src/lightRay.o ./src/list.o ./src/lodepng.o ./src/main.o ./src/material.o ./src/obj.o ./src/obj_parser.o ./src/platform.o ./src/raytrace.o ./src/renderer.o ./src/scene.o ./src/sphere.o ./src/string_extra.o ./src/transforms.o ./src/vector.o   -lm -Wl,--start-group,-lxil,-lgcc,-lc,--end-group
Finished building target: HDMI_Raytrace_NOIP.elf
 
Invoking: ARM v7 Print Size
arm-none-eabi-size HDMI_Raytrace_NOIP.elf  |tee "HDMI_Raytrace_NOIP.elf.size"
   text	   data	    bss	    dec	    hex	filename
 275660	   5524	16787488	17068672	1047280	HDMI_Raytrace_NOIP.elf
Finished building: HDMI_Raytrace_NOIP.elf.size
 

23:15:17 Build Finished (took 2s.646ms)

